(2026-09-27T13:40:09.360315854) (2026-09-27T13:40:09.360332043) [Dbg] [gz.cc:166] Subscribing to [/gazebo/starting_world].
(2026-09-27T13:40:09.370976518) (2026-09-27T13:40:09.370987489) [Dbg] [gz.cc:168] Waiting for a world to be set(2026-09-27T13:40:09.497301900) (2026-09-27T13:40:09.497312613) [Dbg] [Application.cc:96] Initializing application.
(2026-09-27T13:40:09.497372265) (2026-09-27T13:40:09.497378885) [Dbg] [Application.cc:170] Qt using OpenGL graphics interface
(2026-09-27T13:40:09.509714518) (2026-09-27T13:40:09.509723294) [GUI] [Dbg] [Application.cc:657] Create main window
(2026-09-27T13:40:09.983572519) (2026-09-27T13:40:09.983584440) [GUI] [Dbg] [PathManager.cc:68] Requesting resource paths through [/gazebo/resource_paths/get]
(2026-09-27T13:40:10.5508692) (2026-09-27T13:40:10.5523042) [GUI] [Dbg] [Gui.cc:355] GUI requesting list of world names. The server may be busy downloading resources. Please be patient.
(2026-09-27T13:40:10.989678871) (2026-09-27T13:40:10.989693690) [GUI] [Dbg] [PathManager.cc:57] Received resource paths.
(2026-09-27T13:40:10.990220996) (2026-09-27T13:40:10.990233428) [GUI] [Dbg] [Gui.cc:413] Requesting GUI from [/world/sticky_floor/gui/info]...
(2026-09-27T13:40:11.4267553) (2026-09-27T13:40:11.4280451) [GUI] [Dbg] [GuiRunner.cc:149] Requesting initial state from [/world/sticky_floor/state]...
(2026-09-27T13:40:11.133695308) (2026-09-27T13:40:11.133708393) [GUI] [Msg] Loading config [/bpe/docker/.sim/home/.gz/sim/8/gui.config]
(2026-09-27T13:40:11.133754142) (2026-09-27T13:40:11.133761494) [GUI] [Dbg] [Application.cc:528] Loading plugin [MinimalScene]
(2026-09-27T13:40:11.140732970) (2026-09-27T13:40:11.140745189) [GUI] [Dbg] [MinimalScene.cc:802] Creating gz-rendering interface for OpenGL
(2026-09-27T13:40:11.140783816) (2026-09-27T13:40:11.140789569) [GUI] [Dbg] [MinimalScene.cc:802] Creating gz-rendering interface for OpenGL
(2026-09-27T13:40:11.140811590) (2026-09-27T13:40:11.140817041) [GUI] [Dbg] [MinimalScene.cc:986] Creating render thread interface for OpenGL
(2026-09-27T13:40:11.141273888) (2026-09-27T13:40:11.141284047) [GUI] [Dbg] [MinimalScene.cc:802] Creating gz-rendering interface for OpenGL
(2026-09-27T13:40:11.141303285) (2026-09-27T13:40:11.141309689) [GUI] [Dbg] [MinimalScene.cc:986] Creating render thread interface for OpenGL
(2026-09-27T13:40:11.226832758) (2026-09-27T13:40:11.226849465) [GUI] [Msg] Added plugin [3D View] to main window
(2026-09-27T13:40:11.227392748) (2026-09-27T13:40:11.227404145) [GUI] [Msg] Loaded plugin [MinimalScene] from path [/opt/ros/jazzy/opt/gz_gui_vendor/lib/gz-gui-8/plugins/libMinimalScene.so]
(2026-09-27T13:40:11.227446609) (2026-09-27T13:40:11.227453600) [GUI] [Dbg] [Application.cc:528] Loading plugin [EntityContextMenuPlugin]
(2026-09-27T13:40:11.239709779) (2026-09-27T13:40:11.239724238) [GUI] [Msg] Currently tracking topic on [/gui/currently_tracked]
(2026-09-27T13:40:11.290041759) (2026-09-27T13:40:11.290055709) [GUI] [Msg] Added plugin [Entity Context Menu] to main window
(2026-09-27T13:40:11.290108891) (2026-09-27T13:40:11.290116811) [GUI] [Msg] Loaded plugin [EntityContextMenuPlugin] from path [/opt/ros/jazzy/opt/gz_sim_vendor/lib/gz-sim-8/plugins/gui/libEntityContextMenuPlugin.so]
(2026-09-27T13:40:11.290155756) (2026-09-27T13:40:11.290164087) [GUI] [Dbg] [Application.cc:528] Loading plugin [GzSceneManager]
(2026-09-27T13:40:11.451519457) (2026-09-27T13:40:11.454048427) [GUI] [Msg] Added plugin [Scene Manager] to main window
(2026-09-27T13:40:11.454161051) (2026-09-27T13:40:11.454170125) [GUI] [Msg] Loaded plugin [GzSceneManager] from path [/opt/ros/jazzy/opt/gz_sim_vendor/lib/gz-sim-8/plugins/gui/libGzSceneManager.so]
(2026-09-27T13:40:11.454209554) (2026-09-27T13:40:11.454216467) [GUI] [Dbg] [Application.cc:528] Loading plugin [InteractiveViewControl]
(2026-09-27T13:40:11.468849750) (2026-09-27T13:40:11.468860717) [GUI] [Msg] Camera view controller topic advertised on [/gui/camera/view_control]
(2026-09-27T13:40:11.470054082) (2026-09-27T13:40:11.470065374) [GUI] [Msg] Camera reference visual topic advertised on [/gui/camera/view_control/reference_visual]
(2026-09-27T13:40:11.474001789) (2026-09-27T13:40:11.474014543) [GUI] [Msg] Camera view control sensitivity advertised on [/gui/camera/view_control/sensitivity]
(2026-09-27T13:40:11.541242499) (2026-09-27T13:40:11.541254514) [GUI] [Msg] Added plugin [Interactive view control] to main window
(2026-09-27T13:40:11.541302966) (2026-09-27T13:40:11.541308491) [GUI] [Msg] Loaded plugin [InteractiveViewControl] from path [/opt/ros/jazzy/opt/gz_gui_vendor/lib/gz-gui-8/plugins/libInteractiveViewControl.so]
(2026-09-27T13:40:11.541337101) (2026-09-27T13:40:11.541342063) [GUI] [Dbg] [Application.cc:528] Loading plugin [CameraTracking]
(2026-09-27T13:40:11.619707985) (2026-09-27T13:40:11.619719070) [GUI] [Msg] Added plugin [Camera tracking] to main window
(2026-09-27T13:40:11.619756944) (2026-09-27T13:40:11.619762256) [GUI] [Msg] Loaded plugin [CameraTracking] from path [/opt/ros/jazzy/opt/gz_gui_vendor/lib/gz-gui-8/plugins/libCameraTracking.so]
(2026-09-27T13:40:11.619792657) (2026-09-27T13:40:11.619797683) [GUI] [Dbg] [Application.cc:528] Loading plugin [MarkerManager]
(2026-09-27T13:40:11.629505898) (2026-09-27T13:40:11.629516557) [GUI] [Msg] Listening to stats on [/world/sticky_floor/stats]
(2026-09-27T13:40:11.661747589) (2026-09-27T13:40:11.661759689) [GUI] [Msg] Added plugin [Marker Manager] to main window
(2026-09-27T13:40:11.661798135) (2026-09-27T13:40:11.661803641) [GUI] [Msg] Loaded plugin [MarkerManager] from path [/opt/ros/jazzy/opt/gz_gui_vendor/lib/gz-gui-8/plugins/libMarkerManager.so]
(2026-09-27T13:40:11.661833827) (2026-09-27T13:40:11.661838752) [GUI] [Dbg] [Application.cc:528] Loading plugin [SelectEntities]
(2026-09-27T13:40:11.766662827) (2026-09-27T13:40:11.766673627) [GUI] [Msg] Added plugin [Select entities] to main window
(2026-09-27T13:40:11.766719858) (2026-09-27T13:40:11.766725928) [GUI] [Msg] Loaded plugin [SelectEntities] from path [/opt/ros/jazzy/opt/gz_sim_vendor/lib/gz-sim-8/plugins/gui/libSelectEntities.so]
(2026-09-27T13:40:11.766756948) (2026-09-27T13:40:11.766762071) [GUI] [Dbg] [Application.cc:528] Loading plugin [Spawn]
(2026-09-27T13:40:11.857700013) (2026-09-27T13:40:11.857711940) [GUI] [Msg] Added plugin [Spawn] to main window
(2026-09-27T13:40:11.857747351) (2026-09-27T13:40:11.857752699) [GUI] [Msg] Loaded plugin [Spawn] from path [/opt/ros/jazzy/opt/gz_sim_vendor/lib/gz-sim-8/plugins/gui/libSpawn.so]
(2026-09-27T13:40:11.857781519) (2026-09-27T13:40:11.857786461) [GUI] [Dbg] [Application.cc:528] Loading plugin [VisualizationCapabilities]
(2026-09-27T13:40:11.878694866) (2026-09-27T13:40:11.878705395) [GUI] [Msg] View as transparent service on [/gui/view/transparent]
(2026-09-27T13:40:11.879278472) (2026-09-27T13:40:11.879286875) [GUI] [Msg] View as wireframes service on [/gui/view/wireframes]
(2026-09-27T13:40:11.879808366) (2026-09-27T13:40:11.879815941) [GUI] [Msg] View center of mass service on [/gui/view/com]
(2026-09-27T13:40:11.880340969) (2026-09-27T13:40:11.880348258) [GUI] [Msg] View inertia service on [/gui/view/inertia]
(2026-09-27T13:40:11.880872691) (2026-09-27T13:40:11.880880123) [GUI] [Msg] View collisions service on [/gui/view/collisions]
(2026-09-27T13:40:11.881416487) (2026-09-27T13:40:11.881423774) [GUI] [Msg] View joints service on [/gui/view/joints]
(2026-09-27T13:40:11.881941608) (2026-09-27T13:40:11.881948789) [GUI] [Msg] View frames service on [/gui/view/frames]
(2026-09-27T13:40:11.932055021) (2026-09-27T13:40:11.932075322) [GUI] [Msg] Added plugin [Visualization capabilities] to main window
(2026-09-27T13:40:11.932174817) (2026-09-27T13:40:11.932182201) [GUI] [Msg] Loaded plugin [VisualizationCapabilities] from path [/opt/ros/jazzy/opt/gz_sim_vendor/lib/gz-sim-8/plugins/gui/libVisualizationCapabilities.so]
(2026-09-27T13:40:11.932225200) (2026-09-27T13:40:11.932230338) [GUI] [Dbg] [Application.cc:528] Loading plugin [WorldControl]
(2026-09-27T13:40:11.946953255) (2026-09-27T13:40:11.946964606) [GUI] [Msg] Using world control service [/world/sticky_floor/control]
(2026-09-27T13:40:11.948760731) (2026-09-27T13:40:11.948775810) [GUI] [Msg] Listening to stats on [/world/sticky_floor/stats]
(2026-09-27T13:40:11.948839503) (2026-09-27T13:40:11.948847388) [GUI] [Dbg] [WorldControl.cc:237] Using an event to share WorldControl msgs with the server
(2026-09-27T13:40:12.3576609) (2026-09-27T13:40:12.3587637) [GUI] [Msg] Added plugin [World control] to main window
(2026-09-27T13:40:12.3628932) (2026-09-27T13:40:12.3634471) [GUI] [Msg] Loaded plugin [WorldControl] from path [/opt/ros/jazzy/opt/gz_gui_vendor/lib/gz-gui-8/plugins/libWorldControl.so]
(2026-09-27T13:40:12.3664848) (2026-09-27T13:40:12.3669773) [GUI] [Dbg] [Application.cc:528] Loading plugin [WorldStats]
(2026-09-27T13:40:12.19616024) (2026-09-27T13:40:12.19626679) [GUI] [Msg] Listening to stats on [/world/sticky_floor/stats]
(2026-09-27T13:40:12.236773170) (2026-09-27T13:40:12.236783885) [GUI] [Msg] Added plugin [World stats] to main window
(2026-09-27T13:40:12.236838329) (2026-09-27T13:40:12.236843965) [GUI] [Msg] Loaded plugin [WorldStats] from path [/opt/ros/jazzy/opt/gz_gui_vendor/lib/gz-gui-8/plugins/libWorldStats.so]
(2026-09-27T13:40:12.236875912) (2026-09-27T13:40:12.236881011) [GUI] [Dbg] [Application.cc:528] Loading plugin [Shapes]
(2026-09-27T13:40:12.303818635) (2026-09-27T13:40:12.303830237) [GUI] [Msg] Added plugin [Shapes] to main window
(2026-09-27T13:40:12.303869416) (2026-09-27T13:40:12.303875038) [GUI] [Msg] Loaded plugin [Shapes] from path [/opt/ros/jazzy/opt/gz_sim_vendor/lib/gz-sim-8/plugins/gui/libShapes.so]
(2026-09-27T13:40:12.303905930) (2026-09-27T13:40:12.303910912) [GUI] [Dbg] [Application.cc:528] Loading plugin [Lights]
(2026-09-27T13:40:12.342950659) (2026-09-27T13:40:12.342961907) [GUI] [Msg] Added plugin [Lights] to main window
(2026-09-27T13:40:12.343033860) (2026-09-27T13:40:12.343040454) [GUI] [Msg] Loaded plugin [Lights] from path [/opt/ros/jazzy/opt/gz_sim_vendor/lib/gz-sim-8/plugins/gui/libLights.so]
(2026-09-27T13:40:12.343072631) (2026-09-27T13:40:12.343077470) [GUI] [Dbg] [Application.cc:528] Loading plugin [TransformControl]
(2026-09-27T13:40:12.648300039) (2026-09-27T13:40:12.648311609) [GUI] [Msg] Added plugin [Transform control] to main window
(2026-09-27T13:40:12.648355617) (2026-09-27T13:40:12.648361474) [GUI] [Msg] Loaded plugin [TransformControl] from path [/opt/ros/jazzy/opt/gz_sim_vendor/lib/gz-sim-8/plugins/gui/libTransformControl.so]
(2026-09-27T13:40:12.648392332) (2026-09-27T13:40:12.648397410) [GUI] [Dbg] [Application.cc:528] Loading plugin [Screenshot]
(2026-09-27T13:40:12.723988285) (2026-09-27T13:40:12.724058848) [GUI] [Msg] Screenshot service on [/gui/screenshot]
(2026-09-27T13:40:12.760788585) (2026-09-27T13:40:12.760799653) [GUI] [Msg] Added plugin [Screenshot] to main window
(2026-09-27T13:40:12.760844636) (2026-09-27T13:40:12.760850169) [GUI] [Msg] Loaded plugin [Screenshot] from path [/opt/ros/jazzy/opt/gz_gui_vendor/lib/gz-gui-8/plugins/libScreenshot.so]
(2026-09-27T13:40:12.760902475) (2026-09-27T13:40:12.760908121) [GUI] [Dbg] [Application.cc:528] Loading plugin [CopyPaste]
(2026-09-27T13:40:12.823468960) (2026-09-27T13:40:12.823480203) [GUI] [Msg] Added plugin [Copy/Paste] to main window
(2026-09-27T13:40:12.823525998) (2026-09-27T13:40:12.823531790) [GUI] [Msg] Loaded plugin [CopyPaste] from path [/opt/ros/jazzy/opt/gz_sim_vendor/lib/gz-sim-8/plugins/gui/libCopyPaste.so]
(2026-09-27T13:40:12.823563695) (2026-09-27T13:40:12.823625247) [GUI] [Dbg] [Application.cc:528] Loading plugin [ComponentInspector]
(2026-09-27T13:40:13.83349712) (2026-09-27T13:40:13.83362908) [GUI] [Msg] Added plugin [Component inspector] to main window
(2026-09-27T13:40:13.83413431) (2026-09-27T13:40:13.83419223) [GUI] [Msg] Loaded plugin [ComponentInspector] from path [/opt/ros/jazzy/opt/gz_sim_vendor/lib/gz-sim-8/plugins/gui/libComponentInspector.so]
(2026-09-27T13:40:13.83450757) (2026-09-27T13:40:13.83455625) [GUI] [Dbg] [Application.cc:528] Loading plugin [EntityTree]
(2026-09-27T13:40:13.128112243) (2026-09-27T13:40:13.128122662) [GUI] [Msg] Currently tracking topic on [/gui/currently_tracked]
(2026-09-27T13:40:13.256376798) (2026-09-27T13:40:13.256387179) [GUI] [Msg] Added plugin [Entity tree] to main window
(2026-09-27T13:40:13.256437642) (2026-09-27T13:40:13.256442200) [GUI] [Msg] Loaded plugin [EntityTree] from path [/opt/ros/jazzy/opt/gz_sim_vendor/lib/gz-sim-8/plugins/gui/libEntityTree.so]
(2026-09-27T13:40:13.256469202) (2026-09-27T13:40:13.256474128) [GUI] [Dbg] [Application.cc:398] Loading window config
(2026-09-27T13:40:13.256563325) (2026-09-27T13:40:13.256569092) [GUI] [Msg] Using server control service [/server_control]
(2026-09-27T13:40:13.256589867) (2026-09-27T13:40:13.256594588) [GUI] [Dbg] [Application.cc:671] Applying config
(2026-09-27T13:40:13.311286614) (2026-09-27T13:40:13.311297256) [GUI] [Wrn] [Application.cc:908] [QT] file::/WorldStats/WorldStats.qml:53:3: QML RowLayout: Binding loop detected for property "x"
(2026-09-27T13:40:13.342862159) (2026-09-27T13:40:13.342873696) [GUI] [Dbg] [MinimalScene.cc:802] Creating gz-rendering interface for OpenGL
(2026-09-27T13:40:13.342895228) (2026-09-27T13:40:13.342900788) [GUI] [Dbg] [MinimalScene.cc:986] Creating render thread interface for OpenGL
(2026-09-27T13:40:14.7111738) (2026-09-27T13:40:14.7122764) [GUI] [Msg] Loading plugin [gz-rendering-ogre2]
(2026-09-27T13:40:14.328303569) (2026-09-27T13:40:14.328310872) [GUI] [Dbg] [MinimalScene.cc:749] Create scene [scene]
(2026-09-27T13:40:14.703290357) (2026-09-27T13:40:14.703304980) [GUI] [Wrn] [Ogre2RenderTarget.cc:668] Anti-aliasing level of '' is not supported; valid FSAA levels are: [ 0 ]. Setting to 1
(2026-09-27T13:40:14.709905384) (2026-09-27T13:40:14.709923950) [GUI] [Dbg] [MinimalScene.cc:1037] Creating texture node render interface for OpenGL
(2026-09-27T13:40:14.855413221) (2026-09-27T13:40:14.855425808) [GUI] [Dbg] [TransformControl.cc:453] TransformControl plugin is using camera [scene::Camera(65527)]
(2026-09-27T13:40:14.855523907) (2026-09-27T13:40:14.855530911) [GUI] [Dbg] [Spawn.cc:308] Spawn plugin is using camera [scene::Camera(65527)]
(2026-09-27T13:40:14.855572463) (2026-09-27T13:40:14.855606595) [GUI] [Dbg] [SelectEntities.cc:452] SelectEntities plugin is using camera [scene::Camera(65527)]
(2026-09-27T13:40:14.855976059) (2026-09-27T13:40:14.855986357) [GUI] [Dbg] [MarkerManager.cc:169] Advertise /marker/list service.
(2026-09-27T13:40:14.856298063) (2026-09-27T13:40:14.856308170) [GUI] [Dbg] [MarkerManager.cc:179] Advertise /marker/list.
(2026-09-27T13:40:14.856468479) (2026-09-27T13:40:14.856477313) [GUI] [Dbg] [MarkerManager.cc:189] Advertise /marker_array.
(2026-09-27T13:40:14.856527135) (2026-09-27T13:40:14.856534231) [GUI] [Dbg] [CameraTracking.cc:205] CameraTrackingPrivate plugin is moving camera [scene::Camera(65527)]
(2026-09-27T13:40:14.856771466) (2026-09-27T13:40:14.856780361) [GUI] [Msg] Move to service on [/gui/move_to]
(2026-09-27T13:40:14.856933589) (2026-09-27T13:40:14.856942063) [GUI] [Msg] Follow service on [/gui/follow] (deprecated)
(2026-09-27T13:40:14.857201259) (2026-09-27T13:40:14.857210296) [GUI] [Msg] Tracking topic on [/gui/track]
(2026-09-27T13:40:14.857367992) (2026-09-27T13:40:14.857377029) [GUI] [Msg] Tracking status topic on [/gui/currently_tracked]
(2026-09-27T13:40:14.857625363) (2026-09-27T13:40:14.857635723) [GUI] [Msg] Move to pose service on [/gui/move_to/pose]
(2026-09-27T13:40:14.857853481) (2026-09-27T13:40:14.857862101) [GUI] [Msg] Camera pose topic advertised on [/gui/camera/pose]
(2026-09-27T13:40:14.858056881) (2026-09-27T13:40:14.858068757) [GUI] [Msg] Follow offset service on [/gui/follow/offset] (deprecated)
(2026-09-27T13:40:14.858155001) (2026-09-27T13:40:14.858162364) [GUI] [Dbg] [InteractiveViewControl.cc:176] InteractiveViewControl plugin is moving camera [scene::Camera(65527)]
(2026-09-27T13:40:14.858313383) (2026-09-27T13:40:14.858321296) [GUI] [Dbg] [EntityContextMenuPlugin.cc:79] Entity context menu plugin is using camera [scene::Camera(65527)]
(2026-09-27T13:40:16.367569408) (2026-09-27T13:40:16.367584390) [GUI] [Wrn] [SystemLoader.cc:75] Trying to load deprecated plugin [ignition-gazebo-thermal-system]. Using [gz-sim-thermal-system] instead.
(2026-09-27T13:40:16.369136192) (2026-09-27T13:40:16.369160367) [GUI] [Wrn] [SystemLoader.cc:136] Trying to load deprecated plugin name [ignition::gazebo::systems::Thermal]. Using [gz::sim::systems::Thermal] instead.
(2026-09-27T13:40:16.369412131) (2026-09-27T13:40:16.369420013) [GUI] [Dbg] [Thermal.cc:112] Thermal plugin, heat signature: using a minimum temperature of 288.15 kelvin, and a max temperature of 310 kelvin.
(2026-09-27T13:40:16.369460593) (2026-09-27T13:40:16.369465875) [GUI] [Dbg] [GuiRunner.cc:358] Loaded system [ignition::gazebo::systems::Thermal] for entity [150] in GUI
(2026-09-27T13:40:16.369505256) (2026-09-27T13:40:16.369510571) [GUI] [Wrn] [SystemLoader.cc:75] Trying to load deprecated plugin [ignition-gazebo-thermal-system]. Using [gz-sim-thermal-system] instead.
(2026-09-27T13:40:16.369759965) (2026-09-27T13:40:16.369766384) [GUI] [Wrn] [SystemLoader.cc:136] Trying to load deprecated plugin name [ignition::gazebo::systems::Thermal]. Using [gz::sim::systems::Thermal] instead.
(2026-09-27T13:40:16.369882449) (2026-09-27T13:40:16.369888354) [GUI] [Dbg] [Thermal.cc:112] Thermal plugin, heat signature: using a minimum temperature of 288.15 kelvin, and a max temperature of 310 kelvin.
(2026-09-27T13:40:16.369913995) (2026-09-27T13:40:16.369918956) [GUI] [Dbg] [GuiRunner.cc:358] Loaded system [ignition::gazebo::systems::Thermal] for entity [150] in GUI
(2026-09-27T13:40:18.537315080) (2026-09-27T13:40:18.537325469) [GUI] [Err] [SystemPaths.cc:526] Could not resolve file [cardboard_box.png]
