13:40:14: Creating resource group General
13:40:14: Creating resource group Internal
13:40:14: Creating resource group Autodetect
13:40:14: SceneManagerFactory for type 'DefaultSceneManager' registered.
13:40:14: Registering ResourceManager for type Material
13:40:14: Registering ResourceManager for type Mesh
13:40:14: Registering ResourceManager for type Mesh2
13:40:14: Registering ResourceManager for type OldSkeleton
13:40:14: MovableObjectFactory for type 'ParticleSystem' registered.
13:40:14: ArchiveFactory for archive type FileSystem registered.
13:40:14: ArchiveFactory for archive type Zip registered.
13:40:14: ArchiveFactory for archive type EmbeddedZip registered.
13:40:14: DDS codec registering
13:40:14: FreeImage version: 3.18.0
13:40:14: This program uses FreeImage, a free, open source image library supporting all common bitmap formats. See http://freeimage.sourceforge.net for details
13:40:14: Supported formats: bmp,ico,jpg,jif,jpeg,jpe,jng,koa,iff,lbm,mng,pbm,pbm,pcd,pcx,pgm,pgm,png,ppm,ppm,ras,tga,targa,tif,tiff,wap,wbmp,wbm,psd,psb,cut,xbm,xpm,gif,hdr,g3,sgi,rgb,rgba,bw,exr,j2k,j2c,jp2,pfm,pct,pict,pic,3fr,arw,bay,bmq,cap,cine,cr2,crw,cs1,dc2,dcr,drf,dsc,dng,erf,fff,ia,iiq,k25,kc2,kdc,mdc,mef,mos,mrw,nef,nrw,orf,pef,ptx,pxn,qtk,raf,raw,rdc,rw2,rwl,rwz,sr2,srf,srw,sti,x3f,webp,jxr,wdp,hdp
13:40:14: ETC codec registering
13:40:14: OITD codec registering
13:40:14: Registering ResourceManager for type HighLevelGpuProgram
13:40:14: MovableObjectFactory for type 'Decal' registered.
13:40:14: MovableObjectFactory for type 'InternalCubemapProbe' registered.
13:40:14: MovableObjectFactory for type 'Entity' registered.
13:40:14: MovableObjectFactory for type 'Item' registered.
13:40:14: MovableObjectFactory for type 'Light' registered.
13:40:14: MovableObjectFactory for type 'Rectangle2Dv2' registered.
13:40:14: MovableObjectFactory for type 'BillboardSet' registered.
13:40:14: MovableObjectFactory for type 'ManualObject2' registered.
13:40:14: MovableObjectFactory for type 'BillboardChain' registered.
13:40:14: MovableObjectFactory for type 'RibbonTrail' registered.
13:40:14: MovableObjectFactory for type 'WireAabb' registered.
13:40:14: *-*-* OGRE Initialising
13:40:14: *-*-* Version 2.3.3 (Daedalus)
13:40:14: OverlayElementFactory for type Panel registered.
13:40:14: OverlayElementFactory for type BorderPanel registered.
13:40:14: OverlayElementFactory for type TextArea registered.
13:40:14: Registering ResourceManager for type Font
13:40:14: Loading library /opt/ros/jazzy/opt/gz_ogre_next_vendor/lib/OGRE-Next/RenderSystem_GL3Plus.so
13:40:14: Installing plugin: GL 3+ RenderSystem
13:40:14: OpenGL 3+ Rendering Subsystem created.
13:40:14: Found Num EGL Devices: 2
13:40:14: EGL Device: EGL_EXT_device_drm EGL_EXT_device_drm_render_node EGL_EXT_device_query_name EGL_EXT_device_persistent_id #0 /dev/dri/card1
13:40:14: Trying to init device: EGL_EXT_device_drm EGL_EXT_device_drm_render_node EGL_EXT_device_query_name EGL_EXT_device_persistent_id #0 /dev/dri/card1...
13:40:14: Created GL 4.5 context for device EGL_EXT_device_drm EGL_EXT_device_drm_render_node EGL_EXT_device_query_name EGL_EXT_device_persistent_id #0 /dev/dri/card1
13:40:14: Destroying device: EGL_EXT_device_drm EGL_EXT_device_drm_render_node EGL_EXT_device_query_name EGL_EXT_device_persistent_id #0 /dev/dri/card1...
13:40:14: EGL Device: EGL_MESA_device_software EGL_EXT_device_drm_render_node #1
13:40:14: Trying to init device: EGL_MESA_device_software EGL_EXT_device_drm_render_node #1...
13:40:14: Created GL 4.5 context for device EGL_MESA_device_software EGL_EXT_device_drm_render_node #1
13:40:14: Destroying device: EGL_MESA_device_software EGL_EXT_device_drm_render_node #1...
13:40:14: Plugin successfully installed
13:40:14: Loading library /opt/ros/jazzy/opt/gz_ogre_next_vendor/lib/OGRE-Next/Plugin_ParticleFX.so
13:40:14: Installing plugin: ParticleFX
13:40:14: Particle Emitter Type 'Point' registered
13:40:14: Particle Emitter Type 'Box' registered
13:40:14: Particle Emitter Type 'Ellipsoid' registered
13:40:14: Particle Emitter Type 'Cylinder' registered
13:40:14: Particle Emitter Type 'Ring' registered
13:40:14: Particle Emitter Type 'HollowEllipsoid' registered
13:40:14: Particle Affector Type 'LinearForce' registered
13:40:14: Particle Affector Type 'ColourFader' registered
13:40:14: Particle Affector Type 'ColourFader2' registered
13:40:14: Particle Affector Type 'ColourImage' registered
13:40:14: Particle Affector Type 'ColourInterpolator' registered
13:40:14: Particle Affector Type 'Scaler' registered
13:40:14: Particle Affector Type 'Rotator' registered
13:40:14: Particle Affector Type 'DirectionRandomiser' registered
13:40:14: Particle Affector Type 'DeflectorPlane' registered
13:40:14: Plugin successfully installed
13:40:14: CPU Identifier & Features
13:40:14: -------------------------
13:40:14:  *   CPU ID: GenuineIntel: Intel(R) N100
13:40:14:  *   Logical cores: 4
13:40:14:  *      SSE: yes
13:40:14:  *     SSE2: yes
13:40:14:  *     SSE3: yes
13:40:14:  *      MMX: yes
13:40:14:  *   MMXEXT: yes
13:40:14:  *    3DNOW: no
13:40:14:  * 3DNOWEXT: no
13:40:14:  *     CMOV: yes
13:40:14:  *      TSC: yes
13:40:14:  *      FPU: yes
13:40:14:  *      PRO: yes
13:40:14:  *       HT: no
13:40:14: -------------------------
13:40:14: ******************************
*** Starting GLX Subsystem ***
******************************
13:40:14: GL3PlusRenderSystem::_createRenderWindow "OgreWindow(0)_88080385", 1x1 windowed  miscParams: FSAA=0 border=none contentScalingFactor=1.000000 gamma=Yes parentWindowHandle=88080385 stereoMode=Frame Sequential 
13:40:15: Created GL 4.5 context
13:40:15: GLXWindow::create used FBConfigID = 108
13:40:15: GL Version = 4.5.0.0
13:40:15: GL_VERSION = 4.5 (Core Profile) Mesa 25.2.8-0ubuntu0.24.04.2
13:40:15: GL_VENDOR = Mesa
13:40:15: GL_RENDERER = llvmpipe (LLVM 20.1.2, 256 bits)
13:40:15: GL_EXTENSIONS = 
13:40:15: GL_3DFX_texture_compression_FXT1
13:40:15: GL_AMD_conservative_depth
13:40:15: GL_AMD_draw_buffers_blend
13:40:15: GL_AMD_gpu_shader_int64
13:40:15: GL_AMD_multi_draw_indirect
13:40:15: GL_AMD_pinned_memory
13:40:15: GL_AMD_query_buffer_object
13:40:15: GL_AMD_seamless_cubemap_per_texture
13:40:15: GL_AMD_shader_stencil_export
13:40:15: GL_AMD_shader_trinary_minmax
13:40:15: GL_AMD_texture_texture4
13:40:15: GL_AMD_vertex_shader_layer
13:40:15: GL_AMD_vertex_shader_viewport_index
13:40:15: GL_ANGLE_texture_compression_dxt3
13:40:15: GL_ANGLE_texture_compression_dxt5
13:40:15: GL_ARB_ES2_compatibility
13:40:15: GL_ARB_ES3_1_compatibility
13:40:15: GL_ARB_ES3_2_compatibility
13:40:15: GL_ARB_ES3_compatibility
13:40:15: GL_ARB_arrays_of_arrays
13:40:15: GL_ARB_base_instance
13:40:15: GL_ARB_blend_func_extended
13:40:15: GL_ARB_buffer_storage
13:40:15: GL_ARB_clear_buffer_object
13:40:15: GL_ARB_clear_texture
13:40:15: GL_ARB_clip_control
13:40:15: GL_ARB_compressed_texture_pixel_storage
13:40:15: GL_ARB_compute_shader
13:40:15: GL_ARB_conditional_render_inverted
13:40:15: GL_ARB_conservative_depth
13:40:15: GL_ARB_copy_buffer
13:40:15: GL_ARB_copy_image
13:40:15: GL_ARB_cull_distance
13:40:15: GL_ARB_debug_output
13:40:15: GL_ARB_depth_buffer_float
13:40:15: GL_ARB_depth_clamp
13:40:15: GL_ARB_derivative_control
13:40:15: GL_ARB_direct_state_access
13:40:15: GL_ARB_draw_buffers
13:40:15: GL_ARB_draw_buffers_blend
13:40:15: GL_ARB_draw_elements_base_vertex
13:40:15: GL_ARB_draw_indirect
13:40:15: GL_ARB_draw_instanced
13:40:15: GL_ARB_enhanced_layouts
13:40:15: GL_ARB_explicit_attrib_location
13:40:15: GL_ARB_explicit_uniform_location
13:40:15: GL_ARB_fragment_coord_conventions
13:40:15: GL_ARB_fragment_layer_viewport
13:40:15: GL_ARB_fragment_shader
13:40:15: GL_ARB_framebuffer_no_attachments
13:40:15: GL_ARB_framebuffer_object
13:40:15: GL_ARB_framebuffer_sRGB
13:40:15: GL_ARB_get_program_binary
13:40:15: GL_ARB_get_texture_sub_image
13:40:15: GL_ARB_gl_spirv
13:40:15: GL_ARB_gpu_shader5
13:40:15: GL_ARB_gpu_shader_fp64
13:40:15: GL_ARB_gpu_shader_int64
13:40:15: GL_ARB_half_float_pixel
13:40:15: GL_ARB_half_float_vertex
13:40:15: GL_ARB_indirect_parameters
13:40:15: GL_ARB_instanced_arrays
13:40:15: GL_ARB_internalformat_query
13:40:15: GL_ARB_internalformat_query2
13:40:15: GL_ARB_invalidate_subdata
13:40:15: GL_ARB_map_buffer_alignment
13:40:15: GL_ARB_map_buffer_range
13:40:15: GL_ARB_multi_bind
13:40:15: GL_ARB_multi_draw_indirect
13:40:15: GL_ARB_occlusion_query2
13:40:15: GL_ARB_parallel_shader_compile
13:40:15: GL_ARB_pipeline_statistics_query
13:40:15: GL_ARB_pixel_buffer_object
13:40:15: GL_ARB_point_sprite
13:40:15: GL_ARB_polygon_offset_clamp
13:40:15: GL_ARB_post_depth_coverage
13:40:15: GL_ARB_program_interface_query
13:40:15: GL_ARB_provoking_vertex
13:40:15: GL_ARB_query_buffer_object
13:40:15: GL_ARB_robust_buffer_access_behavior
13:40:15: GL_ARB_robustness
13:40:15: GL_ARB_sample_shading
13:40:15: GL_ARB_sampler_objects
13:40:15: GL_ARB_seamless_cube_map
13:40:15: GL_ARB_seamless_cubemap_per_texture
13:40:15: GL_ARB_separate_shader_objects
13:40:15: GL_ARB_shader_atomic_counter_ops
13:40:15: GL_ARB_shader_atomic_counters
13:40:15: GL_ARB_shader_ballot
13:40:15: GL_ARB_shader_bit_encoding
13:40:15: GL_ARB_shader_clock
13:40:15: GL_ARB_shader_draw_parameters
13:40:15: GL_ARB_shader_group_vote
13:40:15: GL_ARB_shader_image_load_store
13:40:15: GL_ARB_shader_image_size
13:40:15: GL_ARB_shader_objects
13:40:15: GL_ARB_shader_precision
13:40:15: GL_ARB_shader_stencil_export
13:40:15: GL_ARB_shader_storage_buffer_object
13:40:15: GL_ARB_shader_subroutine
13:40:15: GL_ARB_shader_texture_image_samples
13:40:15: GL_ARB_shader_texture_lod
13:40:15: GL_ARB_shader_viewport_layer_array
13:40:15: GL_ARB_shading_language_420pack
13:40:15: GL_ARB_shading_language_include
13:40:15: GL_ARB_shading_language_packing
13:40:15: GL_ARB_spirv_extensions
13:40:15: GL_ARB_stencil_texturing
13:40:15: GL_ARB_sync
13:40:15: GL_ARB_tessellation_shader
13:40:15: GL_ARB_texture_barrier
13:40:15: GL_ARB_texture_border_clamp
13:40:15: GL_ARB_texture_buffer_object
13:40:15: GL_ARB_texture_buffer_object_rgb32
13:40:15: GL_ARB_texture_buffer_range
13:40:15: GL_ARB_texture_compression_bptc
13:40:15: GL_ARB_texture_compression_rgtc
13:40:15: GL_ARB_texture_cube_map_array
13:40:15: GL_ARB_texture_filter_anisotropic
13:40:15: GL_ARB_texture_filter_minmax
13:40:15: GL_ARB_texture_float
13:40:15: GL_ARB_texture_gather
13:40:15: GL_ARB_texture_mirror_clamp_to_edge
13:40:15: GL_ARB_texture_multisample
13:40:15: GL_ARB_texture_non_power_of_two
13:40:15: GL_ARB_texture_query_levels
13:40:15: GL_ARB_texture_query_lod
13:40:15: GL_ARB_texture_rectangle
13:40:15: GL_ARB_texture_rg
13:40:15: GL_ARB_texture_rgb10_a2ui
13:40:15: GL_ARB_texture_stencil8
13:40:15: GL_ARB_texture_storage
13:40:15: GL_ARB_texture_storage_multisample
13:40:15: GL_ARB_texture_swizzle
13:40:15: GL_ARB_texture_view
13:40:15: GL_ARB_timer_query
13:40:15: GL_ARB_transform_feedback2
13:40:15: GL_ARB_transform_feedback3
13:40:15: GL_ARB_transform_feedback_instanced
13:40:15: GL_ARB_transform_feedback_overflow_query
13:40:15: GL_ARB_uniform_buffer_object
13:40:15: GL_ARB_vertex_array_bgra
13:40:15: GL_ARB_vertex_array_object
13:40:15: GL_ARB_vertex_attrib_64bit
13:40:15: GL_ARB_vertex_attrib_binding
13:40:15: GL_ARB_vertex_buffer_object
13:40:15: GL_ARB_vertex_shader
13:40:15: GL_ARB_vertex_type_10f_11f_11f_rev
13:40:15: GL_ARB_vertex_type_2_10_10_10_rev
13:40:15: GL_ARB_viewport_array
13:40:15: GL_ARM_shader_framebuffer_fetch_depth_stencil
13:40:15: GL_ATI_blend_equation_separate
13:40:15: GL_ATI_meminfo
13:40:15: GL_ATI_texture_float
13:40:15: GL_ATI_texture_mirror_once
13:40:15: GL_EXT_EGL_image_storage
13:40:15: GL_EXT_EGL_image_storage_compression
13:40:15: GL_EXT_EGL_sync
13:40:15: GL_EXT_abgr
13:40:15: GL_EXT_blend_equation_separate
13:40:15: GL_EXT_debug_label
13:40:15: GL_EXT_draw_buffers2
13:40:15: GL_EXT_draw_instanced
13:40:15: GL_EXT_framebuffer_blit
13:40:15: GL_EXT_framebuffer_multisample
13:40:15: GL_EXT_framebuffer_multisample_blit_scaled
13:40:15: GL_EXT_framebuffer_object
13:40:15: GL_EXT_framebuffer_sRGB
13:40:15: GL_EXT_memory_object
13:40:15: GL_EXT_memory_object_fd
13:40:15: GL_EXT_packed_depth_stencil
13:40:15: GL_EXT_packed_float
13:40:15: GL_EXT_pixel_buffer_object
13:40:15: GL_EXT_polygon_offset_clamp
13:40:15: GL_EXT_provoking_vertex
13:40:15: GL_EXT_shader_clock
13:40:15: GL_EXT_shader_framebuffer_fetch
13:40:15: GL_EXT_shader_framebuffer_fetch_non_coherent
13:40:15: GL_EXT_shader_image_load_formatted
13:40:15: GL_EXT_shader_integer_mix
13:40:15: GL_EXT_texture_array
13:40:15: GL_EXT_texture_compression_dxt1
13:40:15: GL_EXT_texture_compression_rgtc
13:40:15: GL_EXT_texture_compression_s3tc
13:40:15: GL_EXT_texture_filter_anisotropic
13:40:15: GL_EXT_texture_filter_minmax
13:40:15: GL_EXT_texture_integer
13:40:15: GL_EXT_texture_mirror_clamp
13:40:15: GL_EXT_texture_sRGB
13:40:15: GL_EXT_texture_sRGB_R8
13:40:15: GL_EXT_texture_sRGB_RG8
13:40:15: GL_EXT_texture_sRGB_decode
13:40:15: GL_EXT_texture_shadow_lod
13:40:15: GL_EXT_texture_shared_exponent
13:40:15: GL_EXT_texture_snorm
13:40:15: GL_EXT_texture_storage
13:40:15: GL_EXT_texture_swizzle
13:40:15: GL_EXT_timer_query
13:40:15: GL_EXT_transform_feedback
13:40:15: GL_EXT_vertex_array_bgra
13:40:15: GL_EXT_vertex_attrib_64bit
13:40:15: GL_IBM_multimode_draw_arrays
13:40:15: GL_INTEL_shader_atomic_float_minmax
13:40:15: GL_KHR_blend_equation_advanced
13:40:15: GL_KHR_blend_equation_advanced_coherent
13:40:15: GL_KHR_context_flush_control
13:40:15: GL_KHR_debug
13:40:15: GL_KHR_no_error
13:40:15: GL_KHR_parallel_shader_compile
13:40:15: GL_KHR_robust_buffer_access_behavior
13:40:15: GL_KHR_robustness
13:40:15: GL_KHR_texture_compression_astc_ldr
13:40:15: GL_KHR_texture_compression_astc_sliced_3d
13:40:15: GL_MESA_framebuffer_flip_y
13:40:15: GL_MESA_pack_invert
13:40:15: GL_MESA_shader_integer_functions
13:40:15: GL_MESA_texture_signed_rgba
13:40:15: GL_NVX_gpu_memory_info
13:40:15: GL_NV_alpha_to_coverage_dither_control
13:40:15: GL_NV_conditional_render
13:40:15: GL_NV_copy_image
13:40:15: GL_NV_depth_clamp
13:40:15: GL_NV_packed_depth_stencil
13:40:15: GL_NV_shader_atomic_float
13:40:15: GL_NV_texture_barrier
13:40:15: GL_OES_EGL_image
13:40:15: GL_OVR_multiview
13:40:15: GL_OVR_multiview2
13:40:15: GL_S3_s3tc
13:40:15: **************************************
13:40:15: ***   OpenGL 3+ Renderer Started   ***
13:40:15: **************************************
13:40:15: Registering ResourceManager for type GpuProgram
13:40:15: RenderSystem capabilities
13:40:15: -------------------------
13:40:15: RenderSystem Name: OpenGL 3+ Rendering Subsystem
13:40:15: GPU Vendor: unknown
13:40:15: Device Name: llvmpipe (LLVM 20.1.2, 256 bits)
13:40:15: Driver Version: 4.5.0.0
13:40:15:  * Fixed function pipeline: no
13:40:15:  * Hardware generation of mipmaps: yes
13:40:15:  * Texture blending: yes
13:40:15:  * Anisotropic texture filtering: yes
13:40:15:  * Dot product texture operation: yes
13:40:15:  * Cube mapping: yes
13:40:15:  * Hardware stencil buffer: yes
13:40:15:    - Stencil depth: 8
13:40:15:    - Two sided stencil support: yes
13:40:15:    - Wrap stencil values: yes
13:40:15:  * Hardware vertex / index buffers: yes
13:40:15:  * 32-bit index buffers: yes
13:40:15:  * Vertex programs: yes
13:40:15:  * Number of floating-point constants for vertex programs: 16384
13:40:15:  * Number of integer constants for vertex programs: 16384
13:40:15:  * Number of boolean constants for vertex programs: 16384
13:40:15:  * Fragment programs: yes
13:40:15:  * Number of floating-point constants for fragment programs: 16384
13:40:15:  * Number of integer constants for fragment programs: 16384
13:40:15:  * Number of boolean constants for fragment programs: 16384
13:40:15:  * Geometry programs: yes
13:40:15:  * Number of floating-point constants for geometry programs: 16384
13:40:15:  * Number of integer constants for geometry programs: 16384
13:40:15:  * Number of boolean constants for geometry programs: 16384
13:40:15:  * Tessellation Hull programs: yes
13:40:15:  * Number of floating-point constants for tessellation hull programs: 16384
13:40:15:  * Number of integer constants for tessellation hull programs: 16384
13:40:15:  * Number of boolean constants for tessellation hull programs: 16384
13:40:15:  * Tessellation Domain programs: yes
13:40:15:  * Number of floating-point constants for tessellation domain programs: 16384
13:40:15:  * Number of integer constants for tessellation domain programs: 16384
13:40:15:  * Number of boolean constants for tessellation domain programs: 16384
13:40:15:  * Compute programs: yes
13:40:15:  * Number of floating-point constants for compute programs: 16384
13:40:15:  * Number of integer constants for compute programs: 16384
13:40:15:  * Number of boolean constants for compute programs: 16384
13:40:15:  * Supported Shader Profiles: glsl glsl130 glsl140 glsl150 glsl330 glsl400 glsl410 glsl420 glsl430 glsl440
13:40:15:  * Texture Compression: yes
13:40:15:    - DXT: yes
13:40:15:    - VTC: no
13:40:15:    - PVRTC: no
13:40:15:    - ATC: no
13:40:15:    - ETC1: no
13:40:15:    - ETC2: yes
13:40:15:    - BC4/BC5: yes
13:40:15:    - BC6H/BC7: yes
13:40:15:    - ASTC: yes
13:40:15:  * Hardware Occlusion Query: yes
13:40:15:  * User clip planes: yes
13:40:15:  * VET_UBYTE4 vertex element type: yes
13:40:15:  * Infinite far plane projection: yes
13:40:15:  * Hardware render-to-texture: yes
13:40:15:  * Floating point textures: yes
13:40:15:  * Non-power-of-two textures: yes
13:40:15:  * 1d textures: yes
13:40:15:  * Volume textures: yes
13:40:15:  * Max Texture resolution (2D) 16384
13:40:15:  * Max Texture resolution (3D) 2048
13:40:15:  * Max Texture resolution (Cubemaps) 16384
13:40:15:  * Multiple Render Targets: 8
13:40:15:    - With different bit depths: yes
13:40:15:  * Point Sprites: yes
13:40:15:  * Extended point parameters: yes
13:40:15:  * Max Point Size: 256
13:40:15:  * Vertex texture fetch: yes
13:40:15:  * Number of world matrices: 0
13:40:15:  * Number of texture units: 16
13:40:15:  * Stencil buffer depth: 8
13:40:15:  * Number of vertex blend matrices: 0
13:40:15:    - Max vertex textures: 32
13:40:15:    - Vertex textures shared: yes
13:40:15:  * Render to Vertex Buffer : yes
13:40:15:  * Hardware Atomic Counters: yes
13:40:15:  * Compute max threads per threadgroup per axis: 1024, 1024, 64
13:40:15:  * Compute max threads per threadgroup total: 1024
13:40:15:  * GL 1.5 without VBO workaround: no
13:40:15:  * Frame Buffer objects: yes
13:40:15:  * Frame Buffer objects (ARB extension): no
13:40:15:  * Frame Buffer objects (ATI extension): no
13:40:15:  * PBuffer support: no
13:40:15:  * GL 1.5 without HW-occlusion workaround: no
13:40:15:  * Vertex Array Objects: yes
13:40:15:  * Separate shader objects: no
13:40:15:  * Using Reverse Z: yes
13:40:15: DefaultWorkQueue('Root') initialising on thread main.
13:40:15: Particle Renderer Type 'billboard' registered
13:40:15: Added resource location '/opt/ros/jazzy/opt/gz_rendering_vendor/share/gz/gz-rendering8/ogre2/media/2.0/scripts/Compositors' of type 'FileSystem' to resource group 'General'
13:40:15: Added resource location '/opt/ros/jazzy/opt/gz_rendering_vendor/share/gz/gz-rendering8/ogre2/media/2.0/scripts/materials/Common' of type 'FileSystem' to resource group 'General'
13:40:15: Added resource location '/opt/ros/jazzy/opt/gz_rendering_vendor/share/gz/gz-rendering8/ogre2/media/2.0/scripts/materials/Common/GLSL' of type 'FileSystem' to resource group 'General'
13:40:15: Added resource location '/opt/ros/jazzy/opt/gz_rendering_vendor/share/gz/gz-rendering8/ogre2/media/2.0/scripts/materials/Terra' of type 'FileSystem' to resource group 'General'
13:40:15: Added resource location '/opt/ros/jazzy/opt/gz_rendering_vendor/share/gz/gz-rendering8/ogre2/media/2.0/scripts/materials/Terra/GLSL' of type 'FileSystem' to resource group 'General'
13:40:15: HLMS Library path '/opt/ros/jazzy/opt/gz_rendering_vendor/share/gz/gz-rendering8/ogre2/media/Hlms/Gz' has no piece files. Are you sure you provided the right path with read access?
13:40:15: HLMS Library path '/opt/ros/jazzy/opt/gz_rendering_vendor/share/gz/gz-rendering8/ogre2/media/Hlms/Gz' has no piece files. Are you sure you provided the right path with read access?
13:40:15: Added resource location '/opt/ros/jazzy/opt/gz_rendering_vendor/share/gz/gz-rendering8/ogre2/media' of type 'FileSystem' to resource group 'General'
13:40:15: Added resource location '/opt/ros/jazzy/opt/gz_rendering_vendor/share/gz/gz-rendering8/ogre2/media/materials/programs' of type 'FileSystem' to resource group 'General'
13:40:15: Added resource location '/opt/ros/jazzy/opt/gz_rendering_vendor/share/gz/gz-rendering8/ogre2/media/materials/programs/GLSL' of type 'FileSystem' to resource group 'General'
13:40:15: Added resource location '/opt/ros/jazzy/opt/gz_rendering_vendor/share/gz/gz-rendering8/ogre2/media/materials/programs/Metal' of type 'FileSystem' to resource group 'General'
13:40:15: Added resource location '/opt/ros/jazzy/opt/gz_rendering_vendor/share/gz/gz-rendering8/ogre2/media/materials/scripts' of type 'FileSystem' to resource group 'General'
13:40:15: Added resource location '/opt/ros/jazzy/opt/gz_rendering_vendor/share/gz/gz-rendering8/ogre2/media/materials/textures' of type 'FileSystem' to resource group 'General'
13:40:15: Added resource location '/opt/ros/jazzy/opt/gz_rendering_vendor/share/gz/gz-rendering8/ogre2/media/Compute/Tools' of type 'FileSystem' to resource group 'General'
13:40:15: Added resource location '/opt/ros/jazzy/opt/gz_rendering_vendor/share/gz/gz-rendering8/ogre2/media/Compute/Tools/Any' of type 'FileSystem' to resource group 'General'
13:40:15: Added resource location '/opt/ros/jazzy/opt/gz_rendering_vendor/share/gz/gz-rendering8/ogre2/media/Compute/Tools/GLSL' of type 'FileSystem' to resource group 'General'
13:40:15: Added resource location '/opt/ros/jazzy/opt/gz_rendering_vendor/share/gz/gz-rendering8/ogre2/media/Compute/Tools/HLSL' of type 'FileSystem' to resource group 'General'
13:40:15: Added resource location '/opt/ros/jazzy/opt/gz_rendering_vendor/share/gz/gz-rendering8/ogre2/media/Compute/Tools/Metal' of type 'FileSystem' to resource group 'General'
13:40:15: Added resource location '/opt/ros/jazzy/opt/gz_rendering_vendor/share/gz/gz-rendering8/ogre2/media/VCT' of type 'FileSystem' to resource group 'General'
13:40:15: Added resource location '/opt/ros/jazzy/opt/gz_rendering_vendor/share/gz/gz-rendering8/ogre2/media/VCT/ImageVoxelizer' of type 'FileSystem' to resource group 'General'
13:40:15: Added resource location '/opt/ros/jazzy/opt/gz_rendering_vendor/share/gz/gz-rendering8/ogre2/media/VCT/Visualizer' of type 'FileSystem' to resource group 'General'
13:40:15: Added resource location '/opt/ros/jazzy/opt/gz_rendering_vendor/share/gz/gz-rendering8/ogre2/media/Hlms/Common/Any' of type 'FileSystem' to resource group 'General'
13:40:15: Added resource location '/opt/ros/jazzy/opt/gz_rendering_vendor/share/gz/gz-rendering8/ogre2/media/Hlms/Common/GLSL' of type 'FileSystem' to resource group 'General'
13:40:15: Added resource location '/opt/ros/jazzy/opt/gz_rendering_vendor/share/gz/gz-rendering8/ogre2/media/Hlms/Pbs/Any' of type 'FileSystem' to resource group 'General'
13:40:15: Parsing scripts for resource group Autodetect
13:40:15: Finished parsing scripts for resource group Autodetect
13:40:15: Creating resources for group Autodetect
13:40:15: All done
13:40:15: Parsing scripts for resource group General
13:40:15: Parsing script Quad.program
13:40:15: Parsing script picker.program
13:40:15: Parsing script EsmGaussianBlurLogFilter.material
13:40:15: Parsing script Copyback.material
13:40:15: Parsing script DPSM.material
13:40:15: Parsing script DepthUtils.material
13:40:15: Parsing script GpuNormalMapper.material
13:40:15: Parsing script gpu_rays.material
13:40:15: Parsing script selection_buffer.material
13:40:15: Parsing script picker.material
13:40:15: Parsing script gaussian_noise.material
13:40:15: Parsing script lens_flare.material
13:40:15: Parsing script thermal.material
13:40:15: Parsing script point_cloud_point.material
13:40:15: Parsing script skybox.material
13:40:15: Parsing script depth_camera.material
13:40:15: Parsing script wide_angle_camera.material
13:40:15: Parsing script VoxelVisualizer.material
13:40:15: Parsing script TerraShadowGenerator.compositor
13:40:15: Parsing script GpuNormalMapper.compositor
13:40:15: Parsing script GpuRays.compositor
13:40:15: Parsing script lens_flare.compositor
13:40:15: Parsing script wide_angle_camera.compositor
13:40:15: Parsing script VctTexDownsample.compositor
13:40:15: Parsing script EsmGaussianBlurLogFilter.material.json
13:40:15: Parsing script Mipmaps.material.json
13:40:15: Parsing script TerraShadowGenerator.material.json
13:40:15: Parsing script ClearUav.material.json
13:40:15: Parsing script Voxelizer.material.json
13:40:15: Finished parsing scripts for resource group General
13:40:15: Creating resources for group General
13:40:15: All done
13:40:15: Parsing scripts for resource group Internal
13:40:15: Finished parsing scripts for resource group Internal
13:40:15: Creating resources for group Internal
13:40:15: All done
13:40:15: Added resource location '/opt/ros/jazzy/opt/gz_rendering_vendor/share/gz/gz-rendering8/media/materials/textures/' of type 'FileSystem' to resource group 'General'
13:40:15: Can't assign material scene::Material(65463) because this Material does not exist. Have you forgotten to define it in a .material script?
13:40:15: Can't assign material scene::Material(65457) because this Material does not exist. Have you forgotten to define it in a .material script?
13:40:15: Can't assign material scene::Material(65457) because this Material does not exist. Have you forgotten to define it in a .material script?
13:40:15: Can't assign material scene::Material(65457) because this Material does not exist. Have you forgotten to define it in a .material script?
13:40:15: Can't assign material scene::Material(65457) because this Material does not exist. Have you forgotten to define it in a .material script?
13:40:15: Can't assign material scene::Material(65457) because this Material does not exist. Have you forgotten to define it in a .material script?
13:40:15: Can't assign material scene::Material(65457) because this Material does not exist. Have you forgotten to define it in a .material script?
13:40:15: Can't assign material scene::Material(65457) because this Material does not exist. Have you forgotten to define it in a .material script?
13:40:15: Added resource location '/bpe/docker/.sim/home/.gz/fuel/fuel.gazebosim.org/openrobotics/models/sofa/3/meshes' of type 'FileSystem' to resource group 'General' with recursive option
13:40:15: Initialising resource group General
13:40:15: Added resource location '/bpe/docker/.sim/home/.gz/fuel/fuel.gazebosim.org/openrobotics/models/sofa/3/meshes/' of type 'FileSystem' to resource group 'General'
13:40:15: Texture memory budget exceeded. Stalling GPU.
13:40:15: Stalling was not enough. Freeing memory.
13:40:15: WARNING: PBS Datablock '[Hash 0x34319b6b]' Very low roughness values can cause NaNs in the pixel shader!
13:40:15: Can't assign material scene::Material(65421) because this Material does not exist. Have you forgotten to define it in a .material script?
13:40:15: WARNING: PBS Datablock '[Hash 0x88e9901b]' Very low roughness values can cause NaNs in the pixel shader!
13:40:15: Can't assign material scene::Material(65457) because this Material does not exist. Have you forgotten to define it in a .material script?
13:40:15: Added resource location '/bpe/docker/.sim/home/.gz/fuel/fuel.gazebosim.org/openrobotics/models/bookshelf/4/' of type 'FileSystem' to resource group 'General'
13:40:15: Texture memory budget exceeded. Stalling GPU.
13:40:15: Stalling was not enough. Freeing memory.
13:40:15: Can't assign material scene::Material(65457) because this Material does not exist. Have you forgotten to define it in a .material script?
13:40:15: Can't assign material scene::Material(65457) because this Material does13:40:16: Can't assign material [Default] because this Material does not exist. Have you forgotten to define it in a .material script?
13:40:16: Can't assign material scene::Material(65453) because this Material does not exist. Have you forgotten to define it in a .material script?
13:40:16: Can't assign material scene::Material(65447) because this Material does not exist. Have you forgotten to define it in a .material script?
13:40:16: Can't assign material scene::Material(65447) because this Material does not exist. Have you forgotten to define it in a .material script?
13:40:16: Can't assign material scene::Material(65447) because this Material does not exist. Have you forgotten to define it in a .material script?
13:40:16: Can't assign material scene::Material(65447) because this Material does not exist. Have you forgotten to define it in a .material script?
13:40:16: Can't assign material scene::Material(65447) because this Material does not exist. Have you forgotten to define it in a .material script?
13:40:16: Can't assign material scene::Material(65447) because this Material does not exist. Have you forgotten to define it in a .material script?
13:40:16: Can't assign material scene::Material(65447) because this Material does not exist. Have you forgotten to define it in a .material script?
13:40:16: Added resource location '/bpe/docker/.sim/home/.gz/fuel/fuel.gazebosim.org/openrobotics/models/sofa/3/meshes' of type 'FileSystem' to resource group 'General' with recursive option
13:40:16: Initialising resource group General
13:40:16: Added resource location '/bpe/docker/.sim/home/.gz/fuel/fuel.gazebosim.org/openrobotics/models/sofa/3/meshes/' of type 'FileSystem' to resource group 'General'
13:40:16: Texture memory budget exceeded. Stalling GPU.
13:40:16: Stalling was not enough. Freeing memory.
13:40:16: WARNING: PBS Datablock '[Hash 0xe446310e]' Very low roughness values can cause NaNs in the pixel shader!
13:40:16: Can't assign material scene::Material(65411) because this Material does not exist. Have you forgotten to define it in a .material script?
13:40:16: WARNING: PBS Datablock '[Hash 0x6cdb15b4]' Very low roughness values can cause NaNs in the pixel shader!
13:40:16: Can't assign material scene::Material(65447) because this Material does not exist. Have you forgotten to define it in a .material script?
13:40:16: Added resource location '/bpe/docker/.sim/home/.gz/fuel/fuel.gazebosim.org/openrobotics/models/bookshelf/4/' of type 'FileSystem' to resource group 'General'
13:40:16: Texture memory budget exceeded. Stalling GPU.
13:40:16: Stalling was not enough. Freeing memory.
13:40:16: Can't assign material scene::Material(65447) because this Material does not exist. Have you forgotten to define it in a .material scri13:40:16: Can't assign material scene::Material(65457) because this Material does not exist. Have you forgotten to define it in a .material script?
13:40:16: Can't assign material scene::Material(65457) because this Material does not exist. Have you forgotten to define it in a .material script?
13:40:16: Can't assign material scene::Material(65457) because this Material does not exist. Have you forgotten to define it in a .material script?
13:40:16: Can't assign material scene::Material(65457) because this Material does not exist. Have you forgotten to define it in a .material script?
13:40:16: Can't assign material scene::Material(65457) because this Material does not exist. Have you forgotten to define it in a .material script?
13:40:16: Can't assign material scene::Material(65457) because this Material does not exist. Have you forgotten to define it in a .material script?
13:40:16: Can't assign material scene::Material(65457) because this Material does not exist. Have you forgotten to define it in a .material script?
13:40:16: Added resource location '/bpe/docker/.sim/home/.gz/fuel/fuel.gazebosim.org/openrobotics/models/bed/1/meshes' of type 'FileSystem' to resource group 'General' with recursive option
13:40:16: Initialising resource group General
13:40:16: Added resource location '/bpe/docker/.sim/home/.gz/fuel/fuel.gazebosim.org/openrobotics/models/bed/1/materials/textures/' of type 'FileSystem' to resource group 'General'
13:40:16: Texture memory budget exceeded. Stalling GPU.
13:40:17: Texture memory budget exceeded. Stalling GPU.
13:40:17: Stalling was not enough. Freeing memory.
13:40:17: Texture memory budget exceeded. Stalling GPU.
13:40:17: Stalling was not enough. Freeing memory.
13:40:17: Can't assign material scene::Material(65310) because this Material does not exist. Have you forgotten to define it in a .material script?
13:40:17: Can't assign material scene::Material(65309) because this Material does not exist. Have you forgotten to define it in a .material script?
13:40:17: Can't assign material scene::Material(65308) because this Material does not exist. Have you forgotten to define it in a .material script?
13:40:17: Can't assign material scene::Material(65307) because this Material does not exist. Have you forgotten to define it in a .material script?
13:40:17: Can't assign material scene::Material(65306) because this Material does not exist. Have you forgotten to define it in a .material script?
13:40:17: Can't assign material scene::Material(65305) because this Material does not exist. Have you forgotten to define it in a .material script?
13:40:17: Can't assign material scene::Material(65304) because this Material does not exist. Have you forgotten to define it in a .material script?
13:40:17: Can't assign material scene::Material(65303) because this Material does not exist. Have you forgotten to define it in a .material script?
13:40:17: Added resource location '/bpe/docker/.sim/home/.gz/fuel/fuel.gazebosim.org/openrobotics/models/cardboard box/3/meshes' of type 'FileSystem' to resource group 'General' with recursive option
13:40:17: Initialising resource group General
13:40:17: Added resource location '/bpe/docker/.sim/home/.gz/fuel/fuel.gazebosim.org/openrobotics/models/cardboard box/3/materials/textures/' of type 'FileSystem' to resource group 'General'
13:40:18: Texture memory budget exceeded. Stalling GPU.
13:40:18: Texture memory budget exceeded. Stalling GPU.
13:40:18: Stalling was not enough. Freeing memory.
13:40:18: Texture memory budget exceeded. Stalling GPU.
13:40:18: Can't assign material scene::Material(65290) because this Material does not exist. Have you forgotten to define it in a .material script?
13:40:18: Can't assign material scene::Material(65290) because this Material does not exist. Have you forgotten to define it in a .material script?
13:40:18: Can't assign material scene::Material(65290) because this Material does not exist. Have you forgotten to define it in a .material script?
13:40:18: Added resource location '/bpe/docker/.sim/home/.gz/fuel/fuel.gazebosim.org/openrobotics/models/construction cone/3/meshes' of type 'FileSystem' to resource group 'General' with recursive option
13:40:18: Initialising resource group General
13:40:18: Added resource location '/bpe/docker/.sim/home/.gz/fuel/fuel.gazebosim.org/openrobotics/models/construction cone/3/materials/textures/' of type 'FileSystem' to resource group 'General'
13:40:18: Texture memory budget exceeded. Stalling GPU.
13:40:18: Can't assign material scene::Material(65280) because this Material does not exist. Have you forgotten to define it in a .material script?
13:40:18: Added resource location '/bpe/docker/.sim/home/.gz/fuel/fuel.gazebosim.org/openrobotics/models/rescue randy/3/meshes' of type 'FileSystem' to resource group 'General' with recursive option
13:40:18: Initialising resource group General
13:40:18: Can't assign material scene::Material(65276) because this Material does not exist. Have you forgotten to define it in a .material script?
13:40:18: Added resource location '/bpe/docker/.sim/home/.gz/fuel/fuel.gazebosim.org/openrobotics/models/rescue randy/3/materials/textures/' of type 'FileSystem' to resource group 'General'
13:40:18: Texture memory budget exceeded. Stalling GPU.
13:40:18: Added resource location '/bpe/docker/.sim/home/.gz/fuel/fuel.gazebosim.org/openrobotics/models/coke can/3/meshes' of type 'FileSystem' to resource group 'General' with recursive option
13:40:18: Initialising resource group General
13:40:18: Added resource location '/bpe/docker/.sim/home/.gz/fuel/fuel.gazebosim.org/openrobotics/models/coke can/3/materials/textures/' of type 'FileSystem' to resource group 'General'
13:40:19: Texture memory budget exceeded. Stalling GPU.
13:40:19: Texture memory budget exceeded. Stalling GPU.
13:40:19: Stalling was not enough. Freeing memory.
13:40:19: Texture memory budget exceeded. Stalling GPU.
13:40:19: Stalling was not enough. Freeing memory.
13:40:19: Can't assign material scene::Material(65270) because this Material does not exist. Have you forgotten to define it in a .material script?
13:40:19: Can't assign material scene::Material(65270) because this Material does not exist. Have you forgotten to define it in a .material script?
13:40:19: Can't assign material scene::Material(65270) because this Material does not exist. Have you forgotten to define it in a .material script?
13:40:19: Added resource location '/bpe/docker/.sim/home/.gz/fuel/fuel.gazebosim.org/openro13:40:19: Can't assign material scene::Material(65280) because this Material does not exist. Have you forgotten to define it in a .material script?
13:40:19: Can't assign material scene::Material(65280) because this Material does not exist. Have you forgotten to define it in a .material script?
13:40:19: Can't assign material scene::Material(65280) because this Material does not exist. Have you forgotten to define it in a .material script?
13:40:19: Added resource location '/bpe/docker/.sim/home/.gz/fuel/fuel.gazebosim.org/openrobotics/models/construction cone/3/meshes' of type 'FileSystem' to resource group 'General' with recursive option
13:40:19: Initialising resource group General
13:40:19: Added resource location '/bpe/docker/.sim/home/.gz/fuel/fuel.gazebosim.org/openrobotics/models/construction cone/3/materials/textures/' of type 'FileSystem' to resource group 'General'
13:40:19: Can't assign material scene::Material(65270) because this Material does not exist. Have you forgotten to define it in a .material script?
13:40:19: Added resource location '/bpe/docker/.sim/home/.gz/fuel/fuel.gazebosim.org/openrobotics/models/rescue randy/3/meshes' of type 'FileSystem' to resource group 'General' with recursive option
13:40:19: Initialising resource group General
13:40:19: Can't assign material scene::Material(65266) because this Material does not exist. Have you forgotten to define it in a .material script?
13:40:19: Added resource location '/bpe/docker/.sim/home/.gz/fuel/fuel.gazebosim.org/openrobotics/models/rescue randy/3/materials/textures/' of type 'FileSystem' to resource group 'General'
13:40:20: Texture memory budget exceeded. Stalling GPU.
13:40:20: Added resource location '/bpe/docker/.sim/home/.gz/fuel/fuel.gazebosim.org/openrobotics/models/coke can/3/meshes' of type 'FileSystem' to resource group 'General' with recursive option
13:40:20: Initialising resource group General
13:40:20: Added resource location '/bpe/docker/.sim/home/.gz/fuel/fuel.gazebosim.org/openrobotics/models/coke can/3/materials/textures/' of type 'FileSystem' to resource group 'General'
13:40:20: Texture memory budget exceeded. Stalling GPU.
13:40:20: Texture memory budget exceeded. Stalling GPU.
13:40:20: Stalling was not enough. Freeing memory.
13:40:20: Texture memory budget exceeded. Stalling GPU.
13:40:20: Stalling was not enough. Freeing memory.
13:40:20: Can't assign material scene::Material(65260) because this Material does not exist. Have you forgotten to define it in a .material script?
13:40:20: Can't assign material scene::Material(65260) because this Material does not exist. Have you forgotten to define it in a .material script?
13:40:20: Can't assign material scene::Material(65260) because this Material does not exist. Have you forgotten to define it in a .material script?
13:40:20: Added resource location '/bpe/docker/.sim/home/.gz/fuel/fuel.gazebosim.org/openrobotics/models/jersey barrier/6/meshes' of type 'FileSystem' to resource group 'General' with recursive option
13:40:20: Initialising resource group General
13:40:20: Added resource location '/bpe/docker/.sim/home/.gz/fuel/fuel.gazebosim.org/openrobotics/models/jersey barrier/6/materials/textures/' of type 'FileSystem' to resource group 'General'
13:40:20: Texture memory budget exceeded. Stalling GPU.
13:40:20: Stalling was not enough. Freeing memory.
13:40:20: Can't assign material scene::Material(65250) because this Material does not exist. Have you forgotten to define it in a .material script?
13:40:20: Added resource location '/bpe/docker/.sim/home/.gz/fuel/fuel.gazebosim.org/openrobotics/models/dumpster/3/meshes' of type 'FileSystem' to resource group 'General' with recursive option
13:40:20: Initialising resource group General
13:40:20: Can't assign material scene::Material(65246) because this Material does not exist. Have you forgotten to define it in a .material script?
13:40:20: Can't assign material scene::Material(65240) because this Material does not exist. Have you forgotten to define it in a .material script?
13:40:20: Can't assign material scene::Material(65234) because this Material does not exist. Have you forgotten to define it in a .material script?
13:40:20: Can't assign material scene::Material(65228) because this Material does not exist. Have you forgotten to define it in a .material script?
13:40:20: Can't assign material scene::Material(65222) because this Material does not exist. Have you forgotten to define it in a .material script?
13:40:20: Can't assign material scene::Material(65216) because this Material does not exist. Have you forgotten to define it in a .material script?
13:40:20: Can't assign material scene::Material(65210) because this Material does not exist. Have you forgotten to define it in a .material script?
13:40:20: Can't assign material scene::Material(65204) because this Material does not exist. Have you forgotten to define it in a .material script?
13:40:20: Can't assign material scene::Material(65198) because this Material does not exist. Have you forgotten to define it in a .material script?
13:40:20: Can't assign material scene::Material(65192) because this Material does not exist. Have you forgotten to define it in a .material script?
13:40:20: Can't assign material scene::Material(65186) because this Material does not exist. Have you forgotten to define it in a .material script?
13:40:20: Can't assign material scene::Material(65180) because this Material does not exist. Have you forgotten to define it in a .material script?
13:40:20: Can't assign material scene::Material(65174) because this Material does not exist. Have you forgotten to define it in a .material script?
13:40:20: Can't assign material scene::Material(65168) because this Material does not exist. Have you forgotten to define it in a .material script?
13:40:20: Can't assign material scene::Material(65162) because this Material does not exist. Have you forgotten to define it in a .material script?
13:40:20: Can't assign material scene::Material(65156) because this Material does not exist. Have you forgotten to define it in a .material script?
13:40:20: Can't assign material scene::Material(65150) because this Material does not exist. Have you forgotten to define it in a .material script?
13:40:20: Can't assign material scene::Material(65144) because this Material does not exist. Have you forgotten to define it in a .material script?
13:40:20: Can't assign material scene::Material(65138) because this Material does not exist. Have you forgotten to define it in a .material script?
13:40:20: Can't assign material scene::Material(65132) because this Material does not exist. Have you forgotten to define it in a .material script?
13:40:20: Can't assign material scene::Material(65126) because this Material does not exist. Have you forgotten to define it in a .material script?
13:40:20: Can't assign material scene::Material(65120) because this Material does not exist. Have you forgotten to define it in a .material script?
13:40:20: Can't assign material scene::Material(65114) because this Material does not exist. Have you forgotten to define it in a .material script?
13:40:20: Can't assign material scene::Material(65108) because this Material does not exist. Have you forgotten to define it in a .material script?
13:40:20: Can't assign material scene::Material(65102) because this Material does not exist. Have you forgotten to define it in a .material script?
13:40:20: Can't assign material scene::Material(65096) because this Material does not exist. Have you forgotten to define it in a .material script?
13:40:20: Can't assign material scene::Material(65090) because this Material does not exist. Have you forgotten to define it in a .material script?
13:40:20: Can't assign material scene::Material(65084) because this Material does not exist. Have you forgotten to define it in a .material script?
13:40:20: Can't assign material scene::Material(65078) because this Material does not exist. Have you forgotten to define it in a .material script?
13:40:20: Can't assign material scene::Material(65072) because this Material does not exist. Have you forgotten to define it in a .material script?
13:40:20: Can't assign material scene::Material(65066) because this Material does not exist. Have you forgotten to define it in a .material script?
13:40:20: Can't assign material scene::Material(65060) because this Material does not exist. Have you forgotten to define it in a .material script?
13:40:20: Can't assign material scene::Material(65054) because this Material does not exist. Have you forgotten to define it in a .material script?
13:40:20: Can't assign material scene::Material(65048) because this Material does not exist. Have you forgotten to define it in a .material script?
13:40:20: Can't assign material scene::Material(65042) because this Material does not exist. Have you forgotten to define it in a .material script?
13:40:20: Can't assign material scene::Material(65036) because this Material does not exist. Have you forgotten to define it in a .material script?
13:40:20: Can't assign material scene::Material(65030) because this Material does not exist. Have you forgotten to define it in a .material script?
13:40:20: Can't assign material scene::Material(65024) because this Material does not exist. Have you forgotten to define it in a .material script?
13:40:20: Can't assign material scene::Material(65018) because this Material does not exist. Have you forgotten to define it in a .material script?
13:40:20: Can't assign material scene::Material(65012) because this Material does not exist. Have you13:40:20: Vertex Shader: 100000006VertexShader_vs
Fragment Shader: 100000006PixelShader_ps
 GLSL validation result : 
active samplers with a different type refer to the same texture image unit
13:40:20: Vertex Shader: 100000007VertexShader_vs
Fragment Shader: 100000007PixelShader_ps
 GLSL validation result : 
active samplers with a different type refer to the same texture image unit
rial(64995) because this Material does not exist. Have you forgotten to define it in a .material script?
13:40:20: Can't assign material scene::Material(64989) because this Material does not exist. Have you forgotten to define it in a .material script?
13:40:20: Can't assign material scene::Material(64983) because this Material does not exist. Have you forgotten to define it in a .material script?
13:40:20: Can't assign material scene::Material(65447) because this Material does not exist. Have you forgotten to define it in a .material script?
13:40:20: Can't assign material scene::Material(64972) because this Material does not exist. Have you forgotten to define it in a .material script?
13:40:20: Can't assign material scene::Material(64966) because this Material does not exist. Have you forgotten to define it in a .material script?
13:40:20: Can't assign material scene::Material(64960) because this Material does not exist. Have you forgotten to define it in a .material script?
13:40:20: Can't assign material scene::Material(64954) because this Material does not exist. Have you forgotten to define it in a .material script?
13:40:20: Can't assign material scene::Material(64948) because this Material does not exist. Have you forgotten to define it in a .material script?
13:40:20: Can't assign material scene::Material(64942) because this Material does not exist. Have you forgotten to define it in a .material script?
13:40:20: Can't assign material scene::Material(64936) because this Material does not exist. Have you forgotten to define it in a .material script?
13:40:20: Can't assign material scene::Material(64930) because this Material does not exist. Have you forgotten to define it in a .material script?
13:40:20: Can't assign material scene::Material(64924) because this Material does not exist. Have you forgotten to define it in a .material script?
13:40:20: Can't assign material scene::Material(64918) because this Material does not exist. Have you forgotten to define it in a .material script?
13:40:20: OGRE EXCEPTION(3:RenderingAPIException): Fixed Function pipeline is no longer allowed nor supported. The material scene::Material(65518) must use shaders in HlmsLowLevel::calculateHashFor at ./.obj-x86_64-linux-gnu/gz_ogre_next_vendor-prefix/src/gz_ogre_next_vendor/OgreMain/src/OgreHlmsLowLevel.cpp (line 160)
13:40:20: OGRE EXCEPTION(3:RenderingAPIException): Fixed Function pipeline is no longer allowed nor supported. The material scene::Material(65518) must use shaders in HlmsLowLevel::calculateHashFor at ./.obj-x86_64-linux-gnu/gz_ogre_next_vendor-prefix/src/gz_ogre_next_vendor/OgreMain/src/OgreHlmsLowLevel.cpp (line 160)
13:40:20: Couldn't apply datablock '[Hash 0x1dc5a795]' to this renderable. Using default one. Check previous log messages to see if there's more information.
13:40:20: OGRE EXCEPTION(3:RenderingAPIException): Fixed Function pipeline is no longer allowed nor supported. The material scene::Material(65518) must use shaders in HlmsLowLevel::calculateHashFor at ./.obj-x86_64-linux-gnu/gz_ogre_next_vendor-prefix/src/gz_ogre_next_vendor/OgreMain/src/OgreHlmsLowLevel.cpp (line 160)
13:40:20: OGRE EXCEPTION(3:RenderingAPIException): Fixed Function pipeline is no longer allowed nor supported. The material scene::Material(65518) must use shaders in HlmsLowLevel::calculateHashFor at ./.obj-x86_64-linux-gnu/gz_ogre_next_vendor-prefix/src/gz_ogre_next_vendor/OgreMain/src/OgreHlmsLowLevel.cpp (line 160)
13:40:20: Couldn't apply datablock '[Hash 0x1dc5a795]' to this renderable. Using default one. Check previous log messages to see if there's more information.
13:40:20: OGRE EXCEPTION(3:RenderingAPIException): Fixed Function pipeline is no longer allowed nor supported. The material Default/TransGreen must use shaders in HlmsLowLevel::calculateHashFor at ./.obj-x86_64-linux-gnu/gz_ogre_next_vendor-prefix/src/gz_ogre_next_vendor/OgreMain/src/OgreHlmsLowLevel.cpp (line 160)
13:40:20: OGRE EXCEPTION(3:RenderingAPIException): Fixed Function pipeline is no longer allowed nor supported. The material Default/TransGreen must use shaders in HlmsLowLevel::calculateHashFor at ./.obj-x86_64-linux-gnu/gz_ogre_next_vendor-prefix/src/gz_ogre_next_vendor/OgreMain/src/OgreHlmsLowLevel.cpp (line 160)
13:40:20: Couldn't apply datablock '[Hash 0x1a9fb58f]' to this renderable. Using default one. Check previous log messages to see if there's more information.
13:40:21: Vertex Shader: 100000004VertexShader_vs
Fragment Shader: 100000004PixelShader_ps
 GLSL validation result : 
active samplers with a different type refer to the same texture image unit
13:40:21: Vertex Shader: 100000005VertexShader_vs
Fragment Shader: 100000005PixelShader_ps
 GLSL validation result : 
active samplers with a different type refer to the same texture image unit
13:40:21: Vertex Shader: 100000006VertexShader_vs
Fragment Shader: 100000006PixelShader_ps
 GLSL validation result : 
active samplers with a different type refer to the same texture image unit
13:40:21: Vertex Shader: 100000007VertexShader_vs
Fragment Shader: 100000007PixelShader_ps
 GLSL validation result : 
active samplers with a different type refer to the same texture image unit
13:40:21: Vertex Shader: 100000008VertexShader_vs
Fragment Shader: 100000008PixelShader_ps
 GLSL validation result : 
active samplers with a different type refer to the same texture image unit
13:40:21: Vertex Shader: 100000010VertexShader_vs
Fragment Shader: 100000010PixelShader_ps
 GLSL validation result : 
active samplers with a different type refer to the same texture image unit
13:40:26: WARNING: Deleting mapped buffer without having it unmapped. This is often sign of a resource leak or a bad pattern. Umapping the buffer for you...
13:40:26: WARNING: Deleting mapped buffer without having it unmapped. This is often sign of a resource leak or a bad pattern. Umapping the buffer for you...
13:40:26: WARNING: Deleting mapped buffer without having it unmapped. This is often sign of a resource leak or a bad pattern. Umapping the buffer for you...
13:40:30: Can't assign material scene::Material(64910) because this Material does not exist. Have you forgotten to define it in a .material script?
13:40:31: Vertex Shader: 100000013VertexShader_vs
Fragment Shader: 100000013PixelShader_ps
 GLSL validation result : 
active samplers with a different type refer to the same texture image unit
13:40:31: Can't assign material [Default] because this Material does not exist. Have you forgotten to define it in a .material script?
13:40:32: OGRE EXCEPTION(3:RenderingAPIException): Fixed Function pipeline is no longer allowed nor supported. The material highlight_material must use shaders in HlmsLowLevel::calculateHashFor at ./.obj-x86_64-linux-gnu/gz_ogre_next_vendor-prefix/src/gz_ogre_next_vendor/OgreMain/src/OgreHlmsLowLevel.cpp (line 160)
13:40:32: OGRE EXCEPTION(3:RenderingAPIException): Fixed Function pipeline is no longer allowed nor supported. The material highlight_material must use shaders in HlmsLowLevel::calculateHashFor at ./.obj-x86_64-linux-gnu/gz_ogre_next_vendor-prefix/src/gz_ogre_next_vendor/OgreMain/src/OgreHlmsLowLevel.cpp (line 160)
13:40:32: Couldn't apply datablock '[Hash 0x17720a16]' to this renderable. Using default one. Check previous log messages to see if there's more information.
13:40:32: OGRE EXCEPTION(3:RenderingAPIException): Fixed Function pipeline is no longer allowed nor supported. The material highlight_material must use shaders in HlmsLowLevel::calculateHashFor at ./.obj-x86_64-linux-gnu/gz_ogre_next_vendor-prefix/src/gz_ogre_next_vendor/OgreMain/src/OgreHlmsLowLevel.cpp (line 160)
13:40:32: OGRE EXCEPTION(3:RenderingAPIException): Fixed Function pipeline is no longer allowed nor supported. The material highlight_material must use shaders in HlmsLowLevel::calculateHashFor at ./.obj-x86_64-linux-gnu/gz_ogre_next_vendor-prefix/src/gz_ogre_next_vendor/OgreMain/src/OgreHlmsLowLevel.cpp (line 160)
13:40:32: Couldn't apply datablock '[Hash 0x17720a16]' to this renderable. Using default one. Check previous log messages to see if there's more information.
13:40:33: WARNING: Deleting mapped buffer without having it unmapped. This is often sign of a resource leak or a bad pattern. Umapping the buffer for you...
13:40:33: WARNING: Deleting mapped buffer without having it unmapped. This is often sign of a resource leak or a bad pattern. Umapping the buffer for you...
13:40:33: WARNING: Deleting mapped buffer without having it unmapped. This is often sign of a resource leak or a bad pattern. Umapping the buffer for you...
13:40:37: Can't assign material [Default] because this Material does not exist. Have you forgotten to define it in a .material script?
13:40:37: OGRE EXCEPTION(3:RenderingAPIException): Fixed Function pipeline is no longer allowed nor supported. The material highlight_material must use shaders in HlmsLowLevel::calculateHashFor at ./.obj-x86_64-linux-gnu/gz_ogre_next_vendor-prefix/src/gz_ogre_next_vendor/OgreMain/src/OgreHlmsLowLevel.cpp (line 160)
13:40:37: OGRE EXCEPTION(3:RenderingAPIException): Fixed Function pipeline is no longer allowed nor supported. The material highlight_material must use shaders in HlmsLowLevel::calculateHashFor at ./.obj-x86_64-linux-gnu/gz_ogre_next_vendor-prefix/src/gz_ogre_next_vendor/OgreMain/src/OgreHlmsLowLevel.cpp (line 160)
13:40:37: Couldn't apply datablock '[Hash 0x17720a16]' to this renderable. Using default one. Check previous log messages to see if there's more information.
13:40:37: OGRE EXCEPTION(3:RenderingAPIException): Fixed Function pipeline is no longer allowed nor supported. The material highlight_material must use shaders in HlmsLowLevel::calculateHashFor at ./.obj-x86_64-linux-gnu/gz_ogre_next_vendor-prefix/src/gz_ogre_next_vendor/OgreMain/src/OgreHlmsLowLevel.cpp (line 160)
13:40:37: OGRE EXCEPTION(3:RenderingAPIException): Fixed Function pipeline is no longer allowed nor supported. The material highlight_material must use shaders in HlmsLowLevel::calculateHashFor at ./.obj-x86_64-linux-gnu/gz_ogre_next_vendor-prefix/src/gz_ogre_next_vendor/OgreMain/src/OgreHlmsLowLevel.cpp (line 160)
13:40:37: Couldn't apply datablock '[Hash 0x17720a16]' to this renderable. Using default one. Check previous log messages to see if there's more information.
13:40:38: WARNING: Deleting mapped buffer without having it unmapped. This is often sign of a resource leak or a bad pattern. Umapping the buffer for you...
13:40:38: WARNING: Deleting mapped buffer without having it unmapped. This is often sign of a resource leak or a bad pattern. Umapping the buffer for you...
13:40:38: WARNING: Deleting mapped buffer without having it unmapped. This is often sign of a resource leak or a bad pattern. Umapping the buffer for you...
13:40:42: OGRE EXCEPTION(3:RenderingAPIException): Fixed Function pipeline is no longer allowed nor supported. The material highlight_material must use shaders in HlmsLowLevel::calculateHashFor at ./.obj-x86_64-linux-gnu/gz_ogre_next_vendor-prefix/src/gz_ogre_next_vendor/OgreMain/src/OgreHlmsLowLevel.cpp (line 160)
13:40:42: OGRE EXCEPTION(3:RenderingAPIException): Fixed Function pipeline is no longer allowed nor supported. The material highlight_material must use shaders in HlmsLowLevel::calculateHashFor at ./.obj-x86_64-linux-gnu/gz_ogre_next_vendor-prefix/src/gz_ogre_next_vendor/OgreMain/src/OgreHlmsLowLevel.cpp (line 160)
13:40:42: Couldn't apply datablock '[Hash 0x17720a16]' to this renderable. Using default one. Check previous log messages to see if there's more information.
13:40:42: OGRE EXCEPTION(3:RenderingAPIException): Fixed Function pipeline is no longer allowed nor supported. The material highlight_material must use shaders in HlmsLowLevel::calculateHashFor at ./.obj-x86_64-linux-gnu/gz_ogre_next_vendor-prefix/src/gz_ogre_next_vendor/OgreMain/src/OgreHlmsLowLevel.cpp (line 160)
13:40:42: OGRE EXCEPTION(3:RenderingAPIException): Fixed Function pipeline is no longer allowed nor supported. The material highlight_material must use shaders in HlmsLowLevel::calculateHashFor at ./.obj-x86_64-linux-gnu/gz_ogre_next_vendor-prefix/src/gz_ogre_next_vendor/OgreMain/src/OgreHlmsLowLevel.cpp (line 160)
13:40:42: Couldn't apply datablock '[Hash 0x17720a16]' to this renderable. Using default one. Check previous log messages to see if there's more information.
13:40:43: WARNING: Deleting mapped buffer without having it unmapped. This is often sign of a resource leak or a bad pattern. Umapping the buffer for you...
13:40:43: WARNING: Deleting mapped buffer without having it unmapped. This is often sign of a resource leak or a bad pattern. Umapping the buffer for you...
13:40:46: OGRE EXCEPTION(3:RenderingAPIException): Fixed Function pipeline is no longer allowed nor supported. The material highlight_material must use shaders in HlmsLowLevel::calculateHashFor at ./.obj-x86_64-linux-gnu/gz_ogre_next_vendor-prefix/src/gz_ogre_next_vendor/OgreMain/src/OgreHlmsLowLevel.cpp (line 160)
13:40:46: OGRE EXCEPTION(3:RenderingAPIException): Fixed Function pipeline is no longer allowed nor supported. The material highlight_material must use shaders in HlmsLowLevel::calculateHashFor at ./.obj-x86_64-linux-gnu/gz_ogre_next_vendor-prefix/src/gz_ogre_next_vendor/OgreMain/src/OgreHlmsLowLevel.cpp (line 160)
13:40:46: Couldn't apply datablock '[Hash 0x17720a16]' to this renderable. Using default one. Check previous log messages to see if there's more information.
13:40:46: OGRE EXCEPTION(3:RenderingAPIException): Fixed Function pipeline is no longer allowed nor supported. The material highlight_material must use shaders in HlmsLowLevel::calculateHashFor at ./.obj-x86_64-linux-gnu/gz_ogre_next_vendor-prefix/src/gz_ogre_next_vendor/OgreMain/src/OgreHlmsLowLevel.cpp (line 160)
13:40:46: OGRE EXCEPTION(3:RenderingAPIException): Fixed Function pipeline is no longer allowed nor supported. The material highlight_material must use shaders in HlmsLowLevel::calculateHashFor at ./.obj-x86_64-linux-gnu/gz_ogre_next_vendor-prefix/src/gz_ogre_next_vendor/OgreMain/src/OgreHlmsLowLevel.cpp (line 160)
13:40:46: Couldn't apply datablock '[Hash 0x17720a16]' to this renderable. Using default one. Check previous log messages to see if there's more information.
13:40:46: WARNING: Deleting mapped buffer without having it unmapped. This is often sign of a resource leak or a bad pattern. Umapping the buffer for you...
13:40:46: WARNING: Deleting mapped buffer without having it unmapped. This is often sign of a resource leak or a bad pattern. Umapping the buffer for you...
13:40:48: OGRE EXCEPTION(3:RenderingAPIException): Fixed Function pipeline is no longer allowed nor supported. The material highlight_material must use shaders in HlmsLowLevel::calculateHashFor at ./.obj-x86_64-linux-gnu/gz_ogre_next_vendor-prefix/src/gz_ogre_next_vendor/OgreMain/src/OgreHlmsLowLevel.cpp (line 160)
13:40:48: OGRE EXCEPTION(3:RenderingAPIException): Fixed Function pipeline is no longer allowed nor supported. The material highlight_material must use shaders in HlmsLowLevel::calculateHashFor at ./.obj-x86_64-linux-gnu/gz_ogre_next_vendor-prefix/src/gz_ogre_next_vendor/OgreMain/src/OgreHlmsLowLevel.cpp (line 160)
13:40:48: Couldn't apply datablock '[Hash 0x17720a16]' to this renderable. Using default one. Check previous log messages to see if there's more information.
13:40:48: OGRE EXCEPTION(3:RenderingAPIException): Fixed Function pipeline is no longer allowed nor supported. The material highlight_material must use shaders in HlmsLowLevel::calculateHashFor at ./.obj-x86_64-linux-gnu/gz_ogre_next_vendor-prefix/src/gz_ogre_next_vendor/OgreMain/src/OgreHlmsLowLevel.cpp (line 160)
13:40:48: OGRE EXCEPTION(3:RenderingAPIException): Fixed Function pipeline is no longer allowed nor supported. The material highlight_material must use shaders in HlmsLowLevel::calculateHashFor at ./.obj-x86_64-linux-gnu/gz_ogre_next_vendor-prefix/src/gz_ogre_next_vendor/OgreMain/src/OgreHlmsLowLevel.cpp (line 160)
13:40:48: Couldn't apply datablock '[Hash 0x17720a16]' to this renderable. Using default one. Check previous log messages to see if there's more information.
13:40:49: WARNING: Deleting mapped buffer without having it unmapped. This is often sign of a resource leak or a bad pattern. Umapping the buffer for you...
13:40:49: WARNING: Deleting mapped buffer without having it unmapped. This is often sign of a resource leak or a bad pattern. Umapping the buffer for you...
